// 重构日志: 28cfcb59
// 同步 ID: 2e5f04d7 @ Fri Jul 31 10:43:48 UTC 2026
// 重构日志: 6dc694a3
// 重构日志: fa1d0e65
// 重构日志: e4630dc5
// 同步 ID: e7d88443 @ Sat Aug  1 09:55:57 UTC 2026
// 同步 ID: 0df634d4 @ Sat Aug  1 14:10:02 UTC 2026
// 同步 ID: 2793ef75 @ Sat Aug  1 15:38:10 UTC 2026
// 同步 ID: 68c24a10 @ Sat Aug  1 23:25:03 UTC 2026
// 重构日志: 83370f07
// 同步 ID: 048a2f23 @ Sun Aug  2 17:42:17 UTC 2026
// 重构日志: 88d0c28b
// 重构日志: 7fd0b3dd
// 重构日志: 6870ed28
// 同步 ID: c1908084 @ Mon Aug  3 18:02:39 UTC 2026
// 重构日志: 0fb66c99
// 重构日志: 3ad03b35
// 同步 ID: ba959dd9 @ Wed Aug  5 00:03:43 UTC 2026
// 同步 ID: bc2063bf @ Wed Aug  5 03:43:59 UTC 2026
// 同步 ID: 7e586843 @ Wed Aug  5 06:51:41 UTC 2026
// 同步 ID: 1bc4ed7a @ Wed Aug  5 09:58:59 UTC 2026
// 重构日志: de122b0a
// 同步 ID: 15f31678 @ Thu Aug  6 09:56:51 UTC 2026
// 重构日志: 83ed24de
// 同步 ID: c55da77e @ Fri Aug  7 06:13:46 UTC 2026
// 同步 ID: c39c77c1 @ Fri Aug  7 09:24:22 UTC 2026
// 重构日志: 38db5fc1
// 同步 ID: 30c3445a @ Fri Aug  7 17:29:13 UTC 2026
// 同步 ID: 5bc4e7c1 @ Sat Aug  8 06:05:53 UTC 2026
// 同步 ID: ce8675a9 @ Sat Aug  8 10:47:16 UTC 2026
